// Jest Snapshot v1, https://goo.gl/fbAQLP

exports[`should render correctly 1`] = `
<div
  className="alert variant--outlined color--error"
  data-reach-alert={true}
  data-severity="error"
  role="alert"
>
  <div
    aria-hidden="true"
    className="icon"
  >
    <svg
      fill="currentColor"
      height="1em"
      stroke="currentColor"
      strokeWidth="0"
      style={
        Object {
          "color": undefined,
        }
      }
      viewBox="0 0 24 24"
      width="1em"
      xmlns="http://www.w3.org/2000/svg"
    >
      <path
        d="M11.953,2C6.465,2,2,6.486,2,12s4.486,10,10,10s10-4.486,10-10S17.493,2,11.953,2z M12,20c-4.411,0-8-3.589-8-8 s3.567-8,7.953-8C16.391,4,20,7.589,20,12S16.411,20,12,20z"
      />
      <path
        d="M11 7H13V14H11zM11 15H13V17H11z"
      />
    </svg>
  </div>
  <div
    className="content"
  >
    <div
      className="message"
    >
      Alert
    </div>
    <div
      className="action"
    >
      <b
        size="small"
      >
        Action
      </b>
    </div>
  </div>
</div>
`;

exports[`should work with different variants 1`] = `
Array [
  <div
    className="alert variant--default"
    data-reach-alert={true}
    role="alert"
  >
    <div
      className="content"
    >
      <div
        className="message"
      >
        default
      </div>
    </div>
  </div>,
  <div
    className="alert variant--outlined"
    data-reach-alert={true}
    role="alert"
  >
    <div
      className="content"
    >
      <div
        className="message"
      >
        outlined
      </div>
    </div>
  </div>,
  <div
    className="alert variant--contained"
    data-reach-alert={true}
    role="alert"
  >
    <div
      className="content"
    >
      <div
        className="message"
      >
        contained
      </div>
    </div>
  </div>,
]
`;
